python : 2026-02-15 11:50:11,844 - app.services.plc_read_service - INFO - 
Loaded PLC read mapping: 33 fields
At line:1 char:1
+ python test_read_plc_to_odoo.py 2>&1 > test_output.log ; type test_ou ...
+ ~~~~~~~~~~~~~~~~~~~~~~~~~~~~~~~~~~~~~~~~~~~~~~~~~~~~~~
    + CategoryInfo          : NotSpecified: (2026-02-15 11:5...ping: 33 fields 
   :String) [], RemoteException
    + FullyQualifiedErrorId : NativeCommandError
 
2026-02-15 11:50:11,860 - app.services.plc_read_service - INFO - Read NO-MO 
from DM 6001: [22344, 12109, 20271, 12336, 12336, 12544, 0, 0] -> WH/MO/00001
2026-02-15 11:50:11,869 - app.services.plc_read_service - INFO - Read NO-BoM 
from DM 6009: [19014, 8272, 19541, 21248, 0, 0, 0, 0] -> JF PLUS
2026-02-15 11:50:11,878 - app.services.plc_read_service - INFO - Read 
finished_goods from DM 6017: [19014, 8272, 19541, 21248, 0, 0, 0, 0] -> JF PLUS
2026-02-15 11:50:11,888 - app.services.plc_read_service - INFO - Read Quantity 
Goods_id from DM 6025: [3, 53392] -> 2500.0
2026-02-15 11:50:11,896 - app.services.plc_read_service - INFO - Read SILO ID 
101 (SILO BESAR) from DM 6027: [101] -> 101.0
2026-02-15 11:50:11,911 - app.services.plc_read_service - INFO - Read SILO ID 
101 Consumption from DM 6028: [1, 16989] -> 825.25
2026-02-15 11:50:11,918 - app.services.plc_read_service - INFO - Read SILO ID 
102 (SILO BESAR) from DM 6030: [102] -> 102.0
2026-02-15 11:50:11,929 - app.services.plc_read_service - INFO - Read SILO ID 
102 Consumption from DM 6031: [0, 37515] -> 375.15
2026-02-15 11:50:11,943 - app.services.plc_read_service - INFO - Read SILO ID 
103 (SILO BESAR) from DM 6033: [103] -> 103.0
2026-02-15 11:50:11,951 - app.services.plc_read_service - INFO - Read SILO ID 
103 Consumption from DM 6034: [0, 24025] -> 240.25
2026-02-15 11:50:11,961 - app.services.plc_read_service - INFO - Read SILO ID 
104 from DM 6036: [104] -> 104.0
2026-02-15 11:50:11,976 - app.services.plc_read_service - INFO - Read SILO ID 
104 Consumption from DM 6037: [0, 5000] -> 50.0
2026-02-15 11:50:11,984 - app.services.plc_read_service - INFO - Read SILO ID 
105 from DM 6039: [105] -> 105.0
2026-02-15 11:50:11,993 - app.services.plc_read_service - INFO - Read SILO ID 
105 Consumption from DM 6040: [0, 38125] -> 381.25
2026-02-15 11:50:12,000 - app.services.plc_read_service - INFO - Read SILO ID 
106 from DM 6042: [106] -> 106.0
2026-02-15 11:50:12,004 - app.services.plc_read_service - INFO - Read SILO ID 
106 Consumption from DM 6043: [0, 25000] -> 250.0
2026-02-15 11:50:12,015 - app.services.plc_read_service - INFO - Read SILO ID 
107 from DM 6045: [107] -> 107.0
2026-02-15 11:50:12,028 - app.services.plc_read_service - INFO - Read SILO ID 
107 Consumption from DM 6046: [0, 6250] -> 62.5
2026-02-15 11:50:12,043 - app.services.plc_read_service - INFO - Read SILO ID 
108 from DM 6048: [108] -> 108.0
2026-02-15 11:50:12,044 - app.services.plc_read_service - INFO - Read SILO ID 
108 Consumption from DM 6049: [0, 8350] -> 83.5
2026-02-15 11:50:12,062 - app.services.plc_read_service - INFO - Read SILO ID 
109 from DM 6051: [109] -> 109.0
2026-02-15 11:50:12,077 - app.services.plc_read_service - INFO - Read SILO ID 
109 Consumption from DM 6052: [0, 8325] -> 83.25
2026-02-15 11:50:12,096 - app.services.plc_read_service - INFO - Read SILO ID 
110 from DM 6054: [110] -> 110.0
2026-02-15 11:50:12,100 - app.services.plc_read_service - INFO - Read SILO ID 
110 Consumption from DM 6055: [0, 8325] -> 83.25
2026-02-15 11:50:12,100 - app.services.plc_read_service - INFO - Read SILO ID 
111 from DM 6057: [111] -> 111.0
2026-02-15 11:50:12,114 - app.services.plc_read_service - INFO - Read SILO ID 
111 Consumption from DM 6058: [0, 375] -> 3.75
2026-02-15 11:50:12,121 - app.services.plc_read_service - INFO - Read SILO ID 
112 from DM 6060: [112] -> 112.0
2026-02-15 11:50:12,128 - app.services.plc_read_service - INFO - Read SILO ID 
112 Consumption from DM 6061: [0, 25] -> 0.25
2026-02-15 11:50:12,128 - app.services.plc_read_service - INFO - Read SILO ID 
113 from DM 6063: [113] -> 113.0
2026-02-15 11:50:12,144 - app.services.plc_read_service - INFO - Read SILO ID 
113 Consumption from DM 6064: [0, 4200] -> 42.0
2026-02-15 11:50:12,151 - app.services.plc_read_service - INFO - Read status 
manufaturing from DM 6066: [0] -> False
2026-02-15 11:50:12,165 - app.services.plc_read_service - INFO - Read Status 
Operation from DM 6067: [1] -> True
2026-02-15 11:50:12,172 - app.services.plc_read_service - INFO - Read 
weight_finished_good from DM 6068: [30, 33920] -> 20000.0
2026-02-15 11:50:12,257 - app.services.plc_read_service - INFO - Loaded PLC 
read mapping: 33 fields
2026-02-15 11:50:12,258 - app.services.odoo_consumption_service - INFO - 
Loaded silo mapping: 13 silos
2026-02-15 11:50:12,271 - app.services.odoo_consumption_service - INFO - 
Loaded silo mapping: 13 silos
2026-02-15 11:50:13,202 - httpx - INFO - HTTP Request: POST 
http://localhost:8070/api/scada/authenticate "HTTP/1.0 200 OK"
2026-02-15 11:50:13,845 - app.services.odoo_consumption_service - INFO - 
\u2713 Authenticated with Odoo successfully
2026-02-15 11:50:13,845 - app.services.odoo_consumption_service - INFO - 
Sending to /mo/update-with-consumptions: {'mo_id': 'WH/MO/00001', 'silo101': 
825.25, 'silo102': 375.15, 'silo103': 240.25, 'silo104': 50.0, 'silo105': 
381.25, 'silo106': 250.0, 'silo107': 62.5, 'silo108': 83.5, 'silo109': 83.25, 
'silo110': 83.25, 'silo111': 3.75, 'silo112': 0.25, 'silo113': 42.0}
2026-02-15 11:50:14,893 - httpx - INFO - HTTP Request: POST 
http://localhost:8070/api/scada/mo/update-with-consumptions "HTTP/1.0 200 OK"
2026-02-15 11:50:14,894 - app.services.odoo_consumption_service - INFO - 
Updated MO WH/MO/00001 with consumptions via update-with-consumptions endpoint
2026-02-15 11:50:14,899 - app.services.odoo_consumption_service - INFO - 
\u2713 Saved 13 consumption entries to DB for MO WH/MO/00001

================================================================================
TEST: Direct PLC Read to Odoo Consumption
================================================================================

--------------------------------------------------------------------------------
STEP 1: Check PLC Connection
--------------------------------------------------------------------------------
[OK] PLC Read Service initialized
  - PLC IP: 192.168.1.2
  - PLC Port: 9600
  - Mapping loaded: 33 fields

--------------------------------------------------------------------------------
STEP 2: Try to read from PLC
--------------------------------------------------------------------------------
Attempting to connect to PLC at 192.168.1.2:9600...
[SUCCESS] Read PLC data!

  Batch Information:
    - Batch No: None
    - MO ID: WH/MO/00001
    - Equipment: None

  Consumption Data (Silos):
    - Silo A: 825.25 kg
    - Silo B: 375.15 kg
    - Silo C: 240.25 kg
    - Silo D: 50.0 kg
    - Silo E: 381.25 kg
    - Silo F: 250.0 kg
    - Silo G: 62.5 kg
    - Silo H: 83.5 kg
    - Silo I: 83.25 kg
    - Silo J: 83.25 kg
    - Silo K: 3.75 kg
    - Silo L: 0.25 kg
    - Silo M: 42.0 kg

  Status:
    - Manufacturing: False
    - Operation: True

  Weight Finished Goods: 20000.0 kg

--------------------------------------------------------------------------------
STEP 3: Update Database with PLC Data
--------------------------------------------------------------------------------
[OK] Found existing batch: WH/MO/00001
  - Before update:
    - actual_consumption_silo_a: 825.25

  [SUCCESS] Database updated!
  - After update:
    - actual_consumption_silo_a: 825.25
    - status_manufacturing: False

--------------------------------------------------------------------------------
STEP 4: Send Consumption to Odoo
--------------------------------------------------------------------------------
[OK] Formatted 13 silo values for Odoo

  Attempting to send consumption data...

  [SUCCESS] Consumption sent to Odoo
    - Consumption updated: None
================================================================================
TEST RESULT: PLC -> DATABASE SUCCESS
================================================================================

[OK] Read PLC data directly
[OK] Updated database with consumption values
[OK] Formatted for Odoo
  
Status: Database updated successfully
        Odoo sync attempted (success depends on Odoo availability)
        
