
================================================================================
WRITE PLC READ AREA FROM CSV
================================================================================
CSV path: C:\projek\fastapi-scada-odoo\app\reference\read_data_plc_input.csv
This will write values into D6001-D6058 using CSV Value column.

Press Ctrl+C to cancel or Enter to continue...
python : INFO:__main__:Loaded CSV rows: 37
At line:1 char:1
+ python test_write_read_area_from_csv.py > test_output.txt 2>&1 ; tail ...
+ ~~~~~~~~~~~~~~~~~~~~~~~~~~~~~~~~~~~~~~~~~~~~~~~~~~~~~~~~~~~~~~
    + CategoryInfo          : NotSpecified: (INFO:__main__:Loaded CSV rows: 37 
   :String) [], RemoteException
    + FullyQualifiedErrorId : NativeCommandError
 
INFO:__main__:\u2713 Written: NO-MO = WH/MO/00001 \u2192 D6001
INFO:__main__:\u2713 Written: NO-BoM = JF PLUS \u2192 D6009
INFO:__main__:\u2713 Written: finished_goods = JF PLUS \u2192 D6017
INFO:__main__:\u2713 Written: Quantity Goods_id = 2500 \u2192 D6025
INFO:__main__:\u2713 Written: SILO ID 101 (SILO BESAR) = 101 \u2192 D6026
INFO:__main__:\u2713 Written: SILO ID 101 Consumption = 825.00 \u2192 D6027
INFO:__main__:\u2713 Written: SILO ID 102 (SILO BESAR) = 102 \u2192 D6028
INFO:__main__:\u2713 Written: SILO ID 102 Consumption = 375.00 \u2192 D6029
INFO:__main__:\u2713 Written: SILO ID 3 (SILO BESAR) = 103 \u2192 D6030
INFO:__main__:\u2713 Written: SILO ID 103 Consumption = 240.25 \u2192 D6031
INFO:__main__:\u2713 Written: SILO ID 104 = 104 \u2192 D6032
INFO:__main__:\u2713 Written: SILO ID 104 Consumption = 50.00 \u2192 D6033
INFO:__main__:\u2713 Written: SILO ID 105 = 105 \u2192 D6034
INFO:__main__:\u2713 Written: SILO ID 105 Consumption = 381.27 \u2192 D6035
INFO:__main__:\u2713 Written: SILO ID 106 = 106 \u2192 D6036
INFO:__main__:\u2713 Written: SILO ID 106  Consumption = 250.00 \u2192 D6037
INFO:__main__:\u2713 Written: SILO ID 107 = 107 \u2192 D6038
INFO:__main__:\u2713 Written: SILO ID 107 Consumption = 62.50 \u2192 D6039
INFO:__main__:\u2713 Written: SILO ID 108 = 108 \u2192 D6040
INFO:__main__:\u2713 Written: SILO ID 108 Consumption = 83.50 \u2192 D6041
INFO:__main__:\u2713 Written: SILO ID 109 = 109 \u2192 D6042
INFO:__main__:\u2713 Written: SILO ID 109 Consumption = 83.25 \u2192 D6043
INFO:__main__:\u2713 Written: SILO ID 110 = 110 \u2192 D6044
INFO:__main__:\u2713 Written: SILO ID 110 Consumption = 83.26 \u2192 D6045
INFO:__main__:\u2713 Written: SILO ID 111 = 111 \u2192 D6046
INFO:__main__:\u2713 Written: SILO ID 111 Consumption = 37.50 \u2192 D6047
INFO:__main__:\u2713 Written: SILO ID 112 = 112 \u2192 D6048
INFO:__main__:\u2713 Written: SILO ID 112 Consumption = 0.27 \u2192 D6049
INFO:__main__:\u2713 Written: SILO ID 113 = 113 \u2192 D6050
INFO:__main__:\u2713 Written: SILO ID 113 Consumption = 42.15 \u2192 D6051
INFO:__main__:\u2713 Written: SILO ID 114 = 114 \u2192 D6052
INFO:__main__:\u2713 Written: SILO ID 114 Consumption = 7.50 \u2192 D6053
INFO:__main__:\u2713 Written: SILO ID 115 = 115 \u2192 D6054
INFO:__main__:\u2713 Written: SILO ID 115 Consumption = 12.50 \u2192 D6055
INFO:__main__:\u2713 Written: status manufaturing = 1 \u2192 D6056
INFO:__main__:\u2713 Written: Status Operation = 1 \u2192 D6057
INFO:__main__:\u2713 Written: weight_finished_good = 20000 \u2192 D6058

================================================================================
WRITE RESULTS
================================================================================
Traceback (most recent call last):
  File "C:\projek\fastapi-scada-odoo\test_write_read_area_from_csv.py", line 
204, in <module>
    main()
  File "C:\projek\fastapi-scada-odoo\test_write_read_area_from_csv.py", line 
193, in main
    print(f"\u2713 Success: {results['success']} fields")
  File "C:\Odoo16\python\Lib\encodings\cp1252.py", line 19, in encode
    return codecs.charmap_encode(input,self.errors,encoding_table)[0]
           ^^^^^^^^^^^^^^^^^^^^^^^^^^^^^^^^^^^^^^^^^^^^^^^^^^^^^^^
UnicodeEncodeError: 'charmap' codec can't encode character '\u2713' in 
position 0: character maps to <undefined>
